C51 COMPILER V9.56.0.0   AD                                                                03/10/2026 21:39:08 PAGE 1   


C51 COMPILER V9.56.0.0, COMPILATION OF MODULE AD
OBJECT MODULE PLACED IN ad.OBJ
COMPILER INVOKED BY: D:\Program Files\keil5\C51\BIN\C51.EXE ad.c OPTIMIZE(8,SPEED) BROWSE DEBUG OBJECTEXTEND TABS(2)

line level    source

   1          #include "ad.h"
   2          #include <intrins.h> /* for _nop_ */
   3          
   4          /* ----- ???? -----
   5             ????? Proteus ???????????
   6             ??????:
   7               CLK -> P3.3
   8               DIN  -> P3.4  (MCU -> ADC)  ???????? DATI2
   9               DOUT -> P3.2  (ADC -> MCU)  ??:??? DIN ???
  10               CS   -> P3.5
  11             ???? DOUT ?? P3.2,????? P3^2 ?????? MCU ???
  12          */
  13          sbit Clk2  = P3^3;
  14          sbit DATI2 = P3^4; /* MCU -> ADC (DIN) */
  15          sbit DATO2 = P3^2; /* ADC -> MCU (DOUT)  <-- ??????,??? DATI2 ?? */
  16          sbit CS2   = P3^5;
  17          
  18          /* ?????? */
  19          static void clk_pulse(void)
  20          {
  21   1          Clk2 = 1;
  22   1          _nop_(); _nop_();
  23   1          Clk2 = 0;
  24   1          _nop_(); _nop_();
  25   1      }
  26          
  27          void adc0832_init(void)
  28          {
  29   1          CS2 = 1;     /* ???????? */
  30   1          Clk2 = 0;
  31   1          DATI2 = 0;
  32   1      }
  33          
  34          /*
  35            ? ADC0832 ???? CH (0 ? 1)
  36            ?? 0..255(unsigned int)
  37            ?????? ADC0832 ??:??? start + sgl + odd,??? 8 ?(???)?
  38            ?????????????????;??????????????(adval)?
  39          */
  40          unsigned int adc0832(unsigned char CH)
  41          {
  42   1          unsigned char i;
  43   1          unsigned char adval = 0;
  44   1          unsigned char test = 0;
  45   1          unsigned int result = 0;
  46   1      
  47   1          /* ???? */
  48   1          CS2 = 0;
  49   1          Clk2 = 0;
  50   1          _nop_();
  51   1      
  52   1          /* Start bit = 1 */
  53   1          DATI2 = 1;
  54   1          clk_pulse();
  55   1      
C51 COMPILER V9.56.0.0   AD                                                                03/10/2026 21:39:08 PAGE 2   

  56   1          /* SGL = 1 (single-ended), ODD = CH */
  57   1          DATI2 = 1; clk_pulse();               /* SGL=1 */
  58   1          DATI2 = (CH ? 1 : 0); clk_pulse();    /* ODD = channel */
  59   1      
  60   1          /* ?? datasheet ?????????? */
  61   1          DATI2 = 0;
  62   1          clk_pulse();
  63   1      
  64   1          /* ????? 8 ? (???) */
  65   1          adval = 0;
  66   1          for (i = 0; i < 8; i++) {
  67   2              Clk2 = 1;
  68   2              _nop_();
  69   2              adval <<= 1;
  70   2              if (DATO2) adval |= 0x01;
  71   2              Clk2 = 0;
  72   2              _nop_();
  73   2          }
  74   1      
  75   1          /* ????? 8 ????(??) */
  76   1          test = 0;
  77   1          for (i = 0; i < 8; i++) {
  78   2              Clk2 = 1;
  79   2              _nop_();
  80   2              test <<= 1;
  81   2              if (DATO2) test |= 0x01;
  82   2              Clk2 = 0;
  83   2              _nop_();
  84   2          }
  85   1      
  86   1          /* ???? */
  87   1          CS2 = 1;
  88   1      
  89   1          /* ??:??????????? test(??? adval);??? adval ?? */
  90   1          if (adval == test) result = adval;
  91   1          else result = adval; /* ????????????,???????? test */
  92   1      
  93   1          return (result & 0xFF);
  94   1      }


MODULE INFORMATION:   STATIC OVERLAYABLE
   CODE SIZE        =    117    ----
   CONSTANT SIZE    =   ----    ----
   XDATA SIZE       =   ----    ----
   PDATA SIZE       =   ----    ----
   DATA SIZE        =   ----    ----
   IDATA SIZE       =   ----    ----
   BIT SIZE         =   ----    ----
END OF MODULE INFORMATION.


C51 COMPILATION COMPLETE.  0 WARNING(S),  0 ERROR(S)
