C51 COMPILER V9.56.0.0   AUTOR                                                             03/17/2026 15:37:15 PAGE 1   


C51 COMPILER V9.56.0.0, COMPILATION OF MODULE AUTOR
OBJECT MODULE PLACED IN autor.OBJ
COMPILER INVOKED BY: D:\Program Files\keil5\C51\BIN\C51.EXE autor.c OPTIMIZE(8,SPEED) BROWSE DEBUG OBJECTEXTEND TABS(2)

line level    source

   1          #include <reg52.h>
   2          #include "autor.h"
   3          
   4          #define uchar unsigned char
   5          #define uint  unsigned int
   6          
   7          
   8          uchar code FFW[8] = {0xf1,0xf3,0xf2,0xf6,0xf4,0xfc,0xf8,0xf9};
   9          uchar code FFZ[8] = {0xf9,0xf8,0xfc,0xf4,0xf6,0xf2,0xf3,0xf1};
  10          
  11          void StepDelay(uint t)
  12          {
  13   1          uint k;
  14   1          while(t--)
  15   1          {
  16   2              for(k=0; k<80; k++) { ; }
  17   2          }
  18   1      }
  19          
  20          // ÓÒÐý
  21          void MotorRight(void)
  22          {
  23   1          uchar i;
  24   1          for(i=0; i<8; i++)
  25   1          {
  26   2              GPIO_MOTOR = FFW[i] & 0x1f;
  27   2              StepDelay(50);
  28   2          }
  29   1      }
  30          
  31          // ×óÐý
  32          void MotorLeft(uint time)
  33          {
  34   1          uchar i;
  35   1          for(i=0; i<8; i++)
  36   1          {
  37   2              GPIO_MOTOR = FFZ[i] & 0x1f;
  38   2              StepDelay(time);
  39   2          }
  40   1      }


MODULE INFORMATION:   STATIC OVERLAYABLE
   CODE SIZE        =     80    ----
   CONSTANT SIZE    =     16    ----
   XDATA SIZE       =   ----    ----
   PDATA SIZE       =   ----    ----
   DATA SIZE        =   ----       2
   IDATA SIZE       =   ----    ----
   BIT SIZE         =   ----    ----
END OF MODULE INFORMATION.


C51 COMPILATION COMPLETE.  0 WARNING(S),  0 ERROR(S)
